2026-05-29 15:29:53 [INFO ] Server - Инициализация сервера. Файл коллекции: collection.csv
2026-05-29 15:29:53 [ERROR] Server - Критическая ошибка сервера: Address already in use: bind
2026-05-29 15:29:53 [INFO ] Server - Коллекция сохранена. Сервер остановлен.
2026-05-29 15:50:34 [INFO ] Server - Инициализация сервера. Файл коллекции: collection.csv
2026-05-29 15:50:35 [INFO ] Server - Сервер запущен на порту 12345
2026-05-29 15:50:35 [INFO ] Server - Серверные команды: save — сохранить коллекцию, exit — завершить сервер
2026-05-29 15:50:42 [WARN ] Server - Неизвестная серверная команда: ''. Доступны: save, exit
2026-05-29 15:50:48 [WARN ] Server - Неизвестная серверная команда: ''. Доступны: save, exit
2026-05-29 15:50:48 [WARN ] Server - Неизвестная серверная команда: ''. Доступны: save, exit
2026-05-29 15:51:47 [INFO ] Server - Завершение работы сервера по команде оператора.
2026-05-29 15:51:48 [INFO ] Server - Коллекция сохранена. Сервер остановлен.
2026-05-29 15:53:05 [INFO ] Server - Инициализация сервера. Файл коллекции: collection.csv
2026-05-29 15:53:06 [INFO ] Server - Сервер запущен на порту 12345
2026-05-29 15:53:06 [INFO ] Server - Серверные команды: save — сохранить коллекцию, exit — завершить сервер
2026-05-29 15:53:12 [INFO ] Server - Завершение работы сервера по команде оператора.
2026-05-29 15:53:12 [INFO ] Server - Коллекция сохранена. Сервер остановлен.
2026-05-29 15:54:13 [INFO ] Server - Инициализация сервера. Файл коллекции: collection.csv
2026-05-29 15:54:13 [INFO ] Server - Сервер запущен на порту 12345
2026-05-29 15:54:13 [INFO ] Server - Серверные команды: save — сохранить коллекцию, exit — завершить сервер
2026-05-29 16:00:35 [INFO ] Server - Завершение работы сервера по команде оператора.
2026-05-29 16:00:35 [INFO ] Server - Коллекция сохранена. Сервер остановлен.
2026-05-29 16:16:05 [INFO ] Server - РРЅРёС†РёР°Р»РёР·Р°С†РёСЏ СЃРµСЂРІРµСЂР°. Р¤Р°Р№Р» РєРѕР»Р»РµРєС†РёРё: collection.csv
2026-05-29 16:16:05 [INFO ] Server - РЎРµСЂРІРµСЂ Р·Р°РїСѓС‰РµРЅ РЅР° РїРѕСЂС‚Сѓ 12345
2026-05-29 16:16:05 [INFO ] Server - РЎРµСЂРІРµСЂРЅС‹Рµ РєРѕРјР°РЅРґС‹: save вЂ” СЃРѕС…СЂР°РЅРёС‚СЊ РєРѕР»Р»РµРєС†РёСЋ, exit вЂ” Р·Р°РІРµСЂС€РёС‚СЊ СЃРµСЂРІРµСЂ
2026-05-29 16:16:14 [INFO ] Server - Р—Р°РІРµСЂС€РµРЅРёРµ СЂР°Р±РѕС‚С‹ СЃРµСЂРІРµСЂР° РїРѕ РєРѕРјР°РЅРґРµ РѕРїРµСЂР°С‚РѕСЂР°.
2026-05-29 16:16:15 [INFO ] Server - РљРѕР»Р»РµРєС†РёСЏ СЃРѕС…СЂР°РЅРµРЅР°. РЎРµСЂРІРµСЂ РѕСЃС‚Р°РЅРѕРІР»РµРЅ.
2026-05-29 16:20:03 [INFO ] Server - РРЅРёС†РёР°Р»РёР·Р°С†РёСЏ СЃРµСЂРІРµСЂР°. Р¤Р°Р№Р» РєРѕР»Р»РµРєС†РёРё: collection.csv
2026-05-29 16:20:04 [INFO ] Server - РЎРµСЂРІРµСЂ Р·Р°РїСѓС‰РµРЅ РЅР° РїРѕСЂС‚Сѓ 12345
2026-05-29 16:20:04 [INFO ] Server - РЎРµСЂРІРµСЂРЅС‹Рµ РєРѕРјР°РЅРґС‹: save вЂ” СЃРѕС…СЂР°РЅРёС‚СЊ РєРѕР»Р»РµРєС†РёСЋ, exit вЂ” Р·Р°РІРµСЂС€РёС‚СЊ СЃРµСЂРІРµСЂ
2026-05-29 16:20:31 [INFO ] Server - РќРѕРІРѕРµ РїРѕРґРєР»СЋС‡РµРЅРёРµ: /127.0.0.1:53486
2026-05-29 16:20:38 [DEBUG] Server - Р§С‚РµРЅРёРµ Р·Р°РїСЂРѕСЃР°: 127 Р±Р°Р№С‚
2026-05-29 16:20:38 [INFO ] Server - РџРѕР»СѓС‡РµРЅ Р·Р°РїСЂРѕСЃ: РєРѕРјР°РЅРґР°='help', Р°СЂРіСѓРјРµРЅС‚='null'
2026-05-29 16:20:38 [DEBUG] Server - РћС‚РїСЂР°РІРєР° РѕС‚РІРµС‚Р°: 1602 Р±Р°Р№С‚
2026-05-29 16:20:38 [INFO ] Server - РћС‚РїСЂР°РІР»РµРЅ РѕС‚РІРµС‚: СЃС‚Р°С‚СѓСЃ=OK
2026-05-29 16:21:00 [DEBUG] Server - Р§С‚РµРЅРёРµ Р·Р°РїСЂРѕСЃР°: 127 Р±Р°Р№С‚
2026-05-29 16:21:00 [INFO ] Server - РџРѕР»СѓС‡РµРЅ Р·Р°РїСЂРѕСЃ: РєРѕРјР°РЅРґР°='info', Р°СЂРіСѓРјРµРЅС‚='null'
2026-05-29 16:21:00 [DEBUG] Server - РћС‚РїСЂР°РІРєР° РѕС‚РІРµС‚Р°: 339 Р±Р°Р№С‚
2026-05-29 16:21:00 [INFO ] Server - РћС‚РїСЂР°РІР»РµРЅ РѕС‚РІРµС‚: СЃС‚Р°С‚СѓСЃ=OK
2026-05-29 16:21:04 [DEBUG] Server - Р§С‚РµРЅРёРµ Р·Р°РїСЂРѕСЃР°: 127 Р±Р°Р№С‚
2026-05-29 16:21:04 [INFO ] Server - РџРѕР»СѓС‡РµРЅ Р·Р°РїСЂРѕСЃ: РєРѕРјР°РЅРґР°='show', Р°СЂРіСѓРјРµРЅС‚='null'
2026-05-29 16:21:04 [DEBUG] Server - РћС‚РїСЂР°РІРєР° РѕС‚РІРµС‚Р°: 295 Р±Р°Р№С‚
2026-05-29 16:21:04 [INFO ] Server - РћС‚РїСЂР°РІР»РµРЅ РѕС‚РІРµС‚: СЃС‚Р°С‚СѓСЃ=OK
2026-05-29 16:21:14 [DEBUG] Server - Р§С‚РµРЅРёРµ Р·Р°РїСЂРѕСЃР°: 127 Р±Р°Р№С‚
2026-05-29 16:21:14 [INFO ] Server - РџРѕР»СѓС‡РµРЅ Р·Р°РїСЂРѕСЃ: РєРѕРјР°РЅРґР°='exit', Р°СЂРіСѓРјРµРЅС‚='null'
2026-05-29 16:21:14 [DEBUG] Server - РћС‚РїСЂР°РІРєР° РѕС‚РІРµС‚Р°: 248 Р±Р°Р№С‚
2026-05-29 16:21:14 [INFO ] Server - РћС‚РїСЂР°РІР»РµРЅ РѕС‚РІРµС‚: СЃС‚Р°С‚СѓСЃ=EXIT
2026-05-29 16:21:14 [INFO ] Server - РљР»РёРµРЅС‚ Р·Р°РІРµСЂС€РёР» СЃРµР°РЅСЃ: /127.0.0.1:53486
2026-05-29 16:21:26 [INFO ] Server - Р—Р°РІРµСЂС€РµРЅРёРµ СЂР°Р±РѕС‚С‹ СЃРµСЂРІРµСЂР° РїРѕ РєРѕРјР°РЅРґРµ РѕРїРµСЂР°С‚РѕСЂР°.
2026-05-29 16:21:26 [INFO ] Server - РљРѕР»Р»РµРєС†РёСЏ СЃРѕС…СЂР°РЅРµРЅР°. РЎРµСЂРІРµСЂ РѕСЃС‚Р°РЅРѕРІР»РµРЅ.
