2026-06-10 17:41:56 [INFO ] DatabaseManager - Подключено к data БД (PostgreSQL 5433).
2026-06-10 17:42:01 [INFO ] DatabaseManager - Таблицы проверены/созданы.
2026-06-10 17:42:01 [INFO ] LogManager - Подключено к logs БД (PostgreSQL 5432).
2026-06-10 17:42:04 [INFO ] LogManager - Таблица command_logs проверена/создана.
2026-06-10 17:42:04 [INFO ] Server - Обе БД подключены успешно (5433 для данных, 5432 для логов).
2026-06-10 17:42:04 [INFO ] DatabaseManager - Загружено 0 элементов из БД.
2026-06-10 17:42:04 [INFO ] CollectionManager - Коллекция загружена из БД: 0 элементов.
2026-06-10 17:42:04 [INFO ] Server - Сервер запущен на порту 45678. Ожидание подключений...
2026-06-10 17:42:16 [INFO ] Server - Завершение сервера по команде оператора.
2026-06-10 17:42:16 [INFO ] Server - Сервер остановлен.
2026-06-10 17:49:12 [INFO ] DatabaseManager - Подключено к data БД (PostgreSQL 5433).
2026-06-10 17:49:13 [INFO ] DatabaseManager - Таблицы проверены/созданы.
2026-06-10 17:49:13 [INFO ] LogManager - Подключено к logs БД (PostgreSQL 5432).
2026-06-10 17:49:13 [INFO ] LogManager - Таблица command_logs проверена/создана.
2026-06-10 17:49:13 [INFO ] Server - Обе БД подключены успешно (5433 для данных, 5432 для логов).
2026-06-10 17:49:13 [INFO ] DatabaseManager - Загружено 0 элементов из БД.
2026-06-10 17:49:13 [INFO ] CollectionManager - Коллекция загружена из БД: 0 элементов.
2026-06-10 17:49:13 [INFO ] Server - Сервер запущен на порту 45678. Ожидание подключений...
2026-06-10 17:49:28 [INFO ] Server - Завершение сервера по команде оператора.
2026-06-10 17:49:28 [INFO ] Server - Сервер остановлен.
2026-06-10 17:50:34 [INFO ] DatabaseManager - Подключено к data БД (PostgreSQL 5433).
2026-06-10 17:50:35 [INFO ] DatabaseManager - Таблицы проверены/созданы.
2026-06-10 17:50:35 [INFO ] LogManager - Подключено к logs БД (PostgreSQL 5432).
2026-06-10 17:50:35 [INFO ] LogManager - Таблица command_logs проверена/создана.
2026-06-10 17:50:35 [INFO ] Server - Обе БД подключены успешно (5433 для данных, 5432 для логов).
2026-06-10 17:50:35 [INFO ] DatabaseManager - Загружено 0 элементов из БД.
2026-06-10 17:50:35 [INFO ] CollectionManager - Коллекция загружена из БД: 0 элементов.
2026-06-10 17:50:35 [INFO ] Server - Сервер запущен на порту 45678. Ожидание подключений...
2026-06-10 17:50:43 [INFO ] Server - Завершение сервера по команде оператора.
2026-06-10 17:50:43 [INFO ] Server - Сервер остановлен.
2026-06-10 17:54:45 [INFO ] DatabaseManager - Подключено к data БД (PostgreSQL 5433).
2026-06-10 17:54:45 [INFO ] DatabaseManager - Таблицы проверены/созданы.
2026-06-10 17:54:46 [INFO ] LogManager - Подключено к logs БД (PostgreSQL 5432).
2026-06-10 17:54:46 [INFO ] LogManager - Таблица command_logs проверена/создана.
2026-06-10 17:54:46 [INFO ] Server - Обе БД подключены успешно (5433 для данных, 5432 для логов).
2026-06-10 17:54:46 [INFO ] DatabaseManager - Загружено 0 элементов из БД.
2026-06-10 17:54:46 [INFO ] CollectionManager - Коллекция загружена из БД: 0 элементов.
2026-06-10 17:54:46 [INFO ] Server - Сервер запущен на порту 45678. Ожидание подключений...
2026-06-10 18:59:46 [INFO ] Server - Новое подключение: /127.0.0.1:63363
2026-06-10 19:00:12 [INFO ] Server - Получен запрос: register от пользователя 'login3'
2026-06-10 19:00:13 [INFO ] CommandHandler - Зарегистрирован новый пользователь: login3
2026-06-10 19:00:13 [INFO ] Server - Ответ отправлен: статус=OK
2026-06-10 19:01:28 [INFO ] Server - Получен запрос: add от пользователя 'login3'
2026-06-10 19:01:30 [INFO ] DatabaseManager - Данные закоммичены во второй БД.
2026-06-10 19:01:30 [INFO ] LogManager - Логи закоммичены в первой БД (5432).
2026-06-10 19:01:30 [INFO ] CommandHandler - Команда add выполнена успешно, обе БД закоммичены.
2026-06-10 19:01:30 [INFO ] Server - Ответ отправлен: статус=OK
2026-06-10 19:03:18 [INFO ] Server - Получен запрос: exit от пользователя 'login3'
2026-06-10 19:03:18 [INFO ] DatabaseManager - Данные закоммичены во второй БД.
2026-06-10 19:03:18 [INFO ] LogManager - Логи закоммичены в первой БД (5432).
2026-06-10 19:03:18 [INFO ] CommandHandler - Команда exit выполнена успешно, обе БД закоммичены.
2026-06-10 19:03:18 [INFO ] Server - Ответ отправлен: статус=EXIT
2026-06-10 19:04:34 [INFO ] Server - Новое подключение: /127.0.0.1:63599
2026-06-10 19:04:46 [INFO ] Server - Получен запрос: login от пользователя 'login1'
2026-06-10 19:04:46 [INFO ] Server - Ответ отправлен: статус=ERROR
2026-06-10 19:04:56 [INFO ] Server - Получен запрос: register от пользователя 'login2'
2026-06-10 19:04:56 [INFO ] CommandHandler - Зарегистрирован новый пользователь: login2
2026-06-10 19:04:56 [INFO ] Server - Ответ отправлен: статус=OK
2026-06-10 19:05:38 [INFO ] Server - Получен запрос: update от пользователя 'login2'
2026-06-10 19:05:38 [WARN ] DatabaseManager - Откат данных во второй БД.
2026-06-10 19:05:38 [WARN ] LogManager - Откат логирования в первой БД (5432).
2026-06-10 19:05:38 [WARN ] CommandHandler - Команда update провалилась, откат обеих БД.
2026-06-10 19:05:38 [INFO ] Server - Ответ отправлен: статус=ERROR
2026-06-10 19:06:28 [INFO ] Server - Получен запрос: exit от пользователя 'login2'
2026-06-10 19:06:28 [INFO ] LogManager - Логи закоммичены в первой БД (5432).
2026-06-10 19:06:28 [INFO ] Server - Ответ отправлен: статус=ERROR
2026-06-10 19:06:30 [INFO ] Server - Клиент отключился.
